// Jest Snapshot v1, https://jestjs.io/docs/snapshot-testing

exports[`applyPrettier should match snapshot 1`] = `
"export type Styles = {
    nestedAnother: string;
    nestedClass: string;
    someStyles: string;
};

export type ClassNames = keyof Styles;

declare const styles: Styles;

export default styles;
"
`;
