// Jest Snapshot v1, https://goo.gl/fbAQLP

exports[`watch function processes change events for matching files 1`] = `
"export type Styles = {
  testClass: string;
};

export type ClassNames = keyof Styles;

declare const styles: Styles;

export default styles;
"
`;
